
C:\Users\VICTUS\Desktop\Completed Web Apps\Hackathon Reality-X\client\src\pages\Locate.tsx
  19:13  error  Error: Calling setState synchronously within an effect can trigger cascading renders

Effects are intended to synchronize state between React and external systems such as manually updating the DOM, state management libraries, or other platform APIs. In general, the body of an effect should do one or both of the following:
* Update external systems with the latest state from React.
* Subscribe for updates from some external system, calling setState in a callback function when external state changes.

Calling setState synchronously within an effect body causes cascading renders that can hurt performance, and is not recommended. (https://react.dev/learn/you-might-not-need-an-effect).

C:\Users\VICTUS\Desktop\Completed Web Apps\Hackathon Reality-X\client\src\pages\Locate.tsx:19:13
  17 |     useEffect(() => {
  18 |         if (filteredMachines.length > 0 && !selectedMachine) {
> 19 |             setSelectedMachine(filteredMachines[0]);
     |             ^^^^^^^^^^^^^^^^^^ Avoid calling setState() directly within an effect
  20 |         }
  21 |     }, [filteredMachines, selectedMachine]);
  22 |  react-hooks/set-state-in-effect

C:\Users\VICTUS\Desktop\Completed Web Apps\Hackathon Reality-X\client\src\pages\admin\Machines.tsx
  13:5  error  'DefaultIcon' is never reassigned. Use 'const' instead  prefer-const

C:\Users\VICTUS\Desktop\Completed Web Apps\Hackathon Reality-X\client\src\pages\admin\WasteRules.tsx
  184:54  error  Error: Cannot call impure function during render

`Math.random` is an impure function. Calling an impure function can produce unstable results that update unpredictably when the component happens to re-render. (https://react.dev/reference/rules/components-and-hooks-must-be-pure#components-and-hooks-must-be-idempotent).

C:\Users\VICTUS\Desktop\Completed Web Apps\Hackathon Reality-X\client\src\pages\admin\WasteRules.tsx:184:54
  182 |
  183 |     const handlePresetSelect = (preset: { emoji: string, name: string }) => {
> 184 |         const randomColor = COLOR_OPTIONS[Math.floor(Math.random() * COLOR_OPTIONS.length)];
      |                                                      ^^^^^^^^^^^^^ Cannot call impure function
  185 |         setFormData({ ...formData, icon: preset.emoji, name: preset.name, color: randomColor });
  186 |     };
  187 |  react-hooks/purity

✖ 3 problems (3 errors, 0 warnings)
  1 error and 0 warnings potentially fixable with the `--fix` option.

